// Jest Snapshot v1, https://goo.gl/fbAQLP

exports[`Home.vue renders correctly 1`] = `
<v-container-stub
  message="new message"
  tag="div"
>
  <div
    class="text-h4 text-center"
  >
    
    Type city name and press enter or click search button
  
  </div>
   
  <v-card-stub
    class="mx-auto my-12 search-card"
    loaderheight="4"
    maxwidth="374"
    outlined="true"
    shaped="true"
    tag="div"
  >
    <v-text-field-stub
      backgroundcolor=""
      clearable="true"
      clearicon="fa-trash"
      errorcount="1"
      errormessages=""
      filled="true"
      hidedetails="auto"
      label="City"
      loaderheight="2"
      messages=""
      rules=""
      successmessages=""
      type="text"
      value="London"
    />
  </v-card-stub>
   
  <div
    class="text-center"
  >
    <v-btn-stub
      activeclass=""
      color="success"
      tag="button"
      tile="true"
      type="button"
    >
      <v-icon-stub
        left=""
      >
        
        fa-paper-plane
      
      </v-icon-stub>
      
      Search
    
    </v-btn-stub>
  </div>
</v-container-stub>
`;

exports[`Home.vue renders props.msg when passed 1`] = `
<v-container-stub
  message="new message"
  tag="div"
>
  <div
    class="text-h4 text-center"
  >
    
    Type city name and press enter or click search button
  
  </div>
   
  <v-card-stub
    class="mx-auto my-12 search-card"
    loaderheight="4"
    maxwidth="374"
    outlined="true"
    shaped="true"
    tag="div"
  >
    <v-text-field-stub
      backgroundcolor=""
      clearable="true"
      clearicon="fa-trash"
      errorcount="1"
      errormessages=""
      filled="true"
      hidedetails="auto"
      label="City"
      loaderheight="2"
      messages=""
      rules=""
      successmessages=""
      type="text"
      value="London"
    />
  </v-card-stub>
   
  <div
    class="text-center"
  >
    <v-btn-stub
      activeclass=""
      color="success"
      tag="button"
      tile="true"
      type="button"
    >
      <v-icon-stub
        left=""
      >
        
        fa-paper-plane
      
      </v-icon-stub>
      
      Search
    
    </v-btn-stub>
  </div>
</v-container-stub>
`;
